main.c:103:5:main	96	static
main.c:231:6:SystemClock_Config	88	static
main.c:264:13:MX_CAN_Init	48	static
main.c:319:13:MX_TIM2_Init	32	static
main.c:364:13:MX_TIM3_Init	64	static
main.c:421:13:MX_DMA_Init	16	static
main.c:439:13:MX_GPIO_Init	16	static
main.c:449:6:HAL_CAN_RxFifo0MsgPendingCallback	16	static
main.c:483:6:HAL_CAN_ErrorCallback	16	static,ignoring_inline_asm
main.c:487:6:HAL_TIM_PWM_PulseFinishedCallback	16	static
main.c:492:6:HAL_TIM_PeriodElapsedCallback	16	static
main.c:504:6:Error_Handler	8	static
