stm32f0xx_hal_can.c:506:13:HAL_CAN_MspInit	0	static
stm32f0xx_hal_can.c:274:19:HAL_CAN_Init	16	static
stm32f0xx_hal_can.c:522:13:HAL_CAN_MspDeInit	0	static
stm32f0xx_hal_can.c:459:19:HAL_CAN_DeInit	16	static
stm32f0xx_hal_can.c:838:19:HAL_CAN_ConfigFilter	16	static
stm32f0xx_hal_can.c:988:19:HAL_CAN_Start	16	static
stm32f0xx_hal_can.c:1040:19:HAL_CAN_Stop	16	static
stm32f0xx_hal_can.c:1095:19:HAL_CAN_RequestSleep	0	static
stm32f0xx_hal_can.c:1126:19:HAL_CAN_WakeUp	16	static
stm32f0xx_hal_can.c:1175:10:HAL_CAN_IsSleepActive	0	static
stm32f0xx_hal_can.c:1206:19:HAL_CAN_AddTxMessage	16	static
stm32f0xx_hal_can.c:1314:19:HAL_CAN_AbortTxRequest	8	static
stm32f0xx_hal_can.c:1363:10:HAL_CAN_GetTxMailboxesFreeLevel	0	static
stm32f0xx_hal_can.c:1406:10:HAL_CAN_IsTxMessagePending	0	static
stm32f0xx_hal_can.c:1438:10:HAL_CAN_GetTxTimestamp	0	static
stm32f0xx_hal_can.c:1484:19:HAL_CAN_GetRxMessage	28	static
stm32f0xx_hal_can.c:1574:10:HAL_CAN_GetRxFifoFillLevel	0	static
stm32f0xx_hal_can.c:1627:19:HAL_CAN_ActivateNotification	0	static
stm32f0xx_hal_can.c:1660:19:HAL_CAN_DeactivateNotification	0	static
stm32f0xx_hal_can.c:2102:13:HAL_CAN_TxMailbox0CompleteCallback	0	static
stm32f0xx_hal_can.c:2119:13:HAL_CAN_TxMailbox1CompleteCallback	0	static
stm32f0xx_hal_can.c:2136:13:HAL_CAN_TxMailbox2CompleteCallback	0	static
stm32f0xx_hal_can.c:2153:13:HAL_CAN_TxMailbox0AbortCallback	0	static
stm32f0xx_hal_can.c:2170:13:HAL_CAN_TxMailbox1AbortCallback	0	static
stm32f0xx_hal_can.c:2187:13:HAL_CAN_TxMailbox2AbortCallback	0	static
stm32f0xx_hal_can.c:2204:13:HAL_CAN_RxFifo0MsgPendingCallback	0	static
stm32f0xx_hal_can.c:2221:13:HAL_CAN_RxFifo0FullCallback	0	static
stm32f0xx_hal_can.c:2238:13:HAL_CAN_RxFifo1MsgPendingCallback	0	static
stm32f0xx_hal_can.c:2255:13:HAL_CAN_RxFifo1FullCallback	0	static
stm32f0xx_hal_can.c:2272:13:HAL_CAN_SleepCallback	0	static
stm32f0xx_hal_can.c:2288:13:HAL_CAN_WakeUpFromRxMsgCallback	0	static
stm32f0xx_hal_can.c:2305:13:HAL_CAN_ErrorCallback	0	static
stm32f0xx_hal_can.c:1691:6:HAL_CAN_IRQHandler	40	static
stm32f0xx_hal_can.c:2342:22:HAL_CAN_GetState	0	static
stm32f0xx_hal_can.c:2377:10:HAL_CAN_GetError	0	static
stm32f0xx_hal_can.c:2389:19:HAL_CAN_ResetError	0	static
